// Jest Snapshot v1, https://goo.gl/fbAQLP

exports[`#fetchApiKeys should collect data 1`] = `
Object {
  "collectedEntities": Array [
    Object {
      "_class": Array [
        "Account",
      ],
      "_key": "aquasec_account:10630",
      "_rawData": Array [
        Object {
          "name": "default",
          "rawData": Object {
            "additional_credits": 0,
            "associate_tags": false,
            "aws_marketplace_id": "",
            "block_default_group": false,
            "byok_bucket": null,
            "created": "2021-10-09T00:36:24.000Z",
            "csp_enabled": true,
            "csp_metadata": null,
            "current_plan": 57,
            "custom_cost": null,
            "disable_default_emails": false,
            "enforce_oauth": false,
            "global_suppressions_admin_only": false,
            "id": 10630,
            "integrations_admin_only": false,
            "just_in_time_domain": null,
            "just_in_time_domain_secondary": null,
            "login_timeout": null,
            "num_allowed_keys": 1,
            "presuppress_plugins": false,
            "renewal_date": null,
            "restrict_to_ips": null,
            "root_user": "austin.kelleher@jupiterone.dev",
            "source": "aquasec",
            "stripe_id": null,
            "suppressions_admin_only": false,
            "trial_end": "2021-10-23T00:36:24.000Z",
            "users_admin_only": false,
          },
        },
      ],
      "_type": "aquasec_account",
      "additionalCredits": 0,
      "associateTags": false,
      "awsMarketplaceId": "",
      "blockDefaultGroup": false,
      "createdOn": 1633739784000,
      "cspEnabled": true,
      "currentPlan": 57,
      "disableDefaultEmails": false,
      "displayName": "10630",
      "enforceOauth": false,
      "globalSuppressionsAdminOnly": false,
      "id": "10630",
      "integrationsAdminOnly": false,
      "manager": "austin.kelleher@jupiterone.dev",
      "name": "10630",
      "numAllowedKeys": 1,
      "presuppressPlugins": false,
      "rootUser": "austin.kelleher@jupiterone.dev",
      "source": "aquasec",
      "stripeId": undefined,
      "suppressionsAdminOnly": false,
      "trialEnd": 1634949384000,
      "usersAdminOnly": false,
    },
    Object {
      "_class": Array [
        "AccessKey",
      ],
      "_key": "aquasec_api_key:1081",
      "_rawData": Array [
        Object {
          "name": "default",
          "rawData": Object {
            "access_key": "mebDoeHcCHm6RcCraAaqgP",
            "account_id": 10630,
            "created": "2021-10-09T12:53:56.000Z",
            "description": null,
            "group_id": null,
            "iac_token": false,
            "id": 1081,
            "ip_addresses": null,
            "scans_per_month": 0,
            "whitelisted": false,
          },
        },
      ],
      "_type": "aquasec_api_key",
      "accountId": 10630,
      "createdOn": 1633784036000,
      "description": undefined,
      "displayName": "mebDoeHcCHm6RcCraAaqgP",
      "groupId": undefined,
      "iacToken": false,
      "id": "1081",
      "ipAddresses": undefined,
      "name": "mebDoeHcCHm6RcCraAaqgP",
      "scansPerMonth": 0,
      "whitelisted": false,
    },
    Object {
      "_class": Array [
        "AccessKey",
      ],
      "_key": "aquasec_api_key:1083",
      "_rawData": Array [
        Object {
          "name": "default",
          "rawData": Object {
            "access_key": "3FqDYAG325qYx6zN8GZ4Bx",
            "account_id": 10630,
            "created": "2021-10-09T22:00:15.000Z",
            "description": "J1 Limited Scope Key",
            "group_id": 12028,
            "iac_token": false,
            "id": 1083,
            "ip_addresses": null,
            "scans_per_month": 0,
            "whitelisted": false,
          },
        },
      ],
      "_type": "aquasec_api_key",
      "accountId": 10630,
      "createdOn": 1633816815000,
      "description": "J1 Limited Scope Key",
      "displayName": "3FqDYAG325qYx6zN8GZ4Bx",
      "groupId": 12028,
      "iacToken": false,
      "id": "1083",
      "ipAddresses": undefined,
      "name": "3FqDYAG325qYx6zN8GZ4Bx",
      "scansPerMonth": 0,
      "whitelisted": false,
    },
    Object {
      "_class": Array [
        "AccessKey",
      ],
      "_key": "aquasec_api_key:1085",
      "_rawData": Array [
        Object {
          "name": "default",
          "rawData": Object {
            "access_key": "D2yEcjM3mOMz5HjmSJzvsf",
            "account_id": 10630,
            "created": "2021-10-09T22:10:14.000Z",
            "description": "JupiterOne API Key",
            "group_id": 12031,
            "iac_token": false,
            "id": 1085,
            "ip_addresses": null,
            "scans_per_month": 0,
            "whitelisted": false,
          },
        },
      ],
      "_type": "aquasec_api_key",
      "accountId": 10630,
      "createdOn": 1633817414000,
      "description": "JupiterOne API Key",
      "displayName": "D2yEcjM3mOMz5HjmSJzvsf",
      "groupId": 12031,
      "iacToken": false,
      "id": "1085",
      "ipAddresses": undefined,
      "name": "D2yEcjM3mOMz5HjmSJzvsf",
      "scansPerMonth": 0,
      "whitelisted": false,
    },
    Object {
      "_class": Array [
        "AccessKey",
      ],
      "_key": "aquasec_api_key:1086",
      "_rawData": Array [
        Object {
          "name": "default",
          "rawData": Object {
            "access_key": "kRhlEeBBqDAUcEmQdMkAiO",
            "account_id": 10630,
            "created": "2021-10-09T23:48:15.000Z",
            "description": "With IPs",
            "group_id": null,
            "iac_token": false,
            "id": 1086,
            "ip_addresses": Array [
              "127.0.0.1",
              "127.0.0.2",
            ],
            "scans_per_month": 0,
            "whitelisted": false,
          },
        },
      ],
      "_type": "aquasec_api_key",
      "accountId": 10630,
      "createdOn": 1633823295000,
      "description": "With IPs",
      "displayName": "kRhlEeBBqDAUcEmQdMkAiO",
      "groupId": undefined,
      "iacToken": false,
      "id": "1086",
      "ipAddresses": Array [
        "127.0.0.1",
        "127.0.0.2",
      ],
      "name": "kRhlEeBBqDAUcEmQdMkAiO",
      "scansPerMonth": 0,
      "whitelisted": false,
    },
  ],
  "collectedRelationships": Array [
    Object {
      "_class": "HAS",
      "_fromEntityKey": "aquasec_account:10630",
      "_key": "aquasec_account:10630|has|aquasec_api_key:1081",
      "_toEntityKey": "aquasec_api_key:1081",
      "_type": "aquasec_account_has_api_key",
      "displayName": "HAS",
    },
    Object {
      "_class": "HAS",
      "_fromEntityKey": "aquasec_account:10630",
      "_key": "aquasec_account:10630|has|aquasec_api_key:1083",
      "_toEntityKey": "aquasec_api_key:1083",
      "_type": "aquasec_account_has_api_key",
      "displayName": "HAS",
    },
    Object {
      "_class": "HAS",
      "_fromEntityKey": "aquasec_account:10630",
      "_key": "aquasec_account:10630|has|aquasec_api_key:1085",
      "_toEntityKey": "aquasec_api_key:1085",
      "_type": "aquasec_account_has_api_key",
      "displayName": "HAS",
    },
    Object {
      "_class": "HAS",
      "_fromEntityKey": "aquasec_account:10630",
      "_key": "aquasec_account:10630|has|aquasec_api_key:1086",
      "_toEntityKey": "aquasec_api_key:1086",
      "_type": "aquasec_account_has_api_key",
      "displayName": "HAS",
    },
  ],
  "encounteredTypes": Array [
    "aquasec_account",
    "aquasec_api_key",
    "aquasec_account_has_api_key",
  ],
  "numCollectedEntities": 5,
  "numCollectedRelationships": 4,
}
`;
