// Jest Snapshot v1, https://goo.gl/fbAQLP

exports[`#fetchUsers should collect data 1`] = `
Object {
  "collectedEntities": Array [
    Object {
      "_class": Array [
        "Account",
      ],
      "_key": "aquasec_account:10630",
      "_rawData": Array [
        Object {
          "name": "default",
          "rawData": Object {
            "additional_credits": 0,
            "associate_tags": false,
            "aws_marketplace_id": "",
            "block_default_group": false,
            "byok_bucket": null,
            "created": "2021-10-09T00:36:24.000Z",
            "csp_enabled": true,
            "csp_metadata": null,
            "current_plan": 57,
            "custom_cost": null,
            "disable_default_emails": false,
            "enforce_oauth": false,
            "global_suppressions_admin_only": false,
            "id": 10630,
            "integrations_admin_only": false,
            "just_in_time_domain": null,
            "just_in_time_domain_secondary": null,
            "login_timeout": null,
            "num_allowed_keys": 1,
            "presuppress_plugins": false,
            "renewal_date": null,
            "restrict_to_ips": null,
            "root_user": "austin.kelleher@jupiterone.dev",
            "source": "aquasec",
            "stripe_id": null,
            "suppressions_admin_only": false,
            "trial_end": "2021-10-23T00:36:24.000Z",
            "users_admin_only": false,
          },
        },
      ],
      "_type": "aquasec_account",
      "additionalCredits": 0,
      "associateTags": false,
      "awsMarketplaceId": "",
      "blockDefaultGroup": false,
      "createdOn": 1633739784000,
      "cspEnabled": true,
      "currentPlan": 57,
      "disableDefaultEmails": false,
      "displayName": "10630",
      "enforceOauth": false,
      "globalSuppressionsAdminOnly": false,
      "id": "10630",
      "integrationsAdminOnly": false,
      "manager": "austin.kelleher@jupiterone.dev",
      "name": "10630",
      "numAllowedKeys": 1,
      "presuppressPlugins": false,
      "rootUser": "austin.kelleher@jupiterone.dev",
      "source": "aquasec",
      "stripeId": undefined,
      "suppressionsAdminOnly": false,
      "trialEnd": 1634949384000,
      "usersAdminOnly": false,
    },
    Object {
      "_class": Array [
        "Group",
      ],
      "_key": "aquasec_group:12022",
      "_rawData": Array [
        Object {
          "name": "default",
          "rawData": Object {
            "created": "2021-10-09T00:36:24.000Z",
            "id": 12022,
            "name": "Default",
          },
        },
      ],
      "_type": "aquasec_group",
      "createdOn": 1633739784000,
      "displayName": "Default",
      "id": "12022",
      "name": "Default",
    },
    Object {
      "_class": Array [
        "Group",
      ],
      "_key": "aquasec_group:12028",
      "_rawData": Array [
        Object {
          "name": "default",
          "rawData": Object {
            "created": "2021-10-09T15:56:46.000Z",
            "id": 12028,
            "name": "j1-test",
          },
        },
      ],
      "_type": "aquasec_group",
      "createdOn": 1633795006000,
      "displayName": "j1-test",
      "id": "12028",
      "name": "j1-test",
    },
    Object {
      "_class": Array [
        "User",
      ],
      "_key": "aquasec_user:22971",
      "_rawData": Array [
        Object {
          "name": "default",
          "rawData": Object {
            "account_admin": true,
            "confirmed": true,
            "created": "2021-10-09T00:36:25.000Z",
            "csp_roles": null,
            "dashboard": null,
            "email": "austin.kelleher@jupiterone.dev",
            "groups": Array [
              Object {
                "created": "2021-10-09T00:36:24.000Z",
                "id": 12022,
                "name": "Default",
              },
              Object {
                "created": "2021-10-09T15:56:46.000Z",
                "id": 12028,
                "name": "j1-test",
              },
            ],
            "id": 22971,
            "multiaccount": false,
            "password_reset": false,
            "provider": null,
            "send_announcements": false,
            "send_new_plugins": false,
            "send_new_risks": true,
            "send_scan_results": true,
          },
        },
      ],
      "_type": "aquasec_user",
      "active": true,
      "admin": true,
      "confirmed": true,
      "createdOn": 1633739785000,
      "displayName": "austin.kelleher@jupiterone.dev",
      "email": "austin.kelleher@jupiterone.dev",
      "id": "22971",
      "multiaccount": false,
      "name": "austin.kelleher@jupiterone.dev",
      "passwordReset": false,
      "sendAnnouncements": false,
      "sendNewPlugins": false,
      "sendNewRisks": true,
      "sendScanResults": true,
      "username": "austin.kelleher@jupiterone.dev",
    },
    Object {
      "_class": Array [
        "User",
      ],
      "_key": "aquasec_user:22977",
      "_rawData": Array [
        Object {
          "name": "default",
          "rawData": Object {
            "account_admin": false,
            "confirmed": true,
            "created": "2021-10-09T15:59:43.000Z",
            "csp_roles": null,
            "dashboard": null,
            "email": "austin.kelleher+j1test@jupiterone.dev",
            "groups": Array [
              Object {
                "created": "2021-10-09T00:36:24.000Z",
                "id": 12022,
                "name": "Default",
              },
              Object {
                "created": "2021-10-09T15:56:46.000Z",
                "id": 12028,
                "name": "j1-test",
              },
            ],
            "id": 22977,
            "multiaccount": false,
            "password_reset": false,
            "provider": null,
            "send_announcements": false,
            "send_new_plugins": false,
            "send_new_risks": true,
            "send_scan_results": true,
          },
        },
      ],
      "_type": "aquasec_user",
      "active": true,
      "admin": false,
      "confirmed": true,
      "createdOn": 1633795183000,
      "displayName": "austin.kelleher+j1test@jupiterone.dev",
      "email": "austin.kelleher+j1test@jupiterone.dev",
      "id": "22977",
      "multiaccount": false,
      "name": "austin.kelleher+j1test@jupiterone.dev",
      "passwordReset": false,
      "sendAnnouncements": false,
      "sendNewPlugins": false,
      "sendNewRisks": true,
      "sendScanResults": true,
      "username": "austin.kelleher+j1test@jupiterone.dev",
    },
  ],
  "collectedRelationships": Array [
    Object {
      "_class": "HAS",
      "_fromEntityKey": "aquasec_account:10630",
      "_key": "aquasec_account:10630|has|aquasec_group:12022",
      "_toEntityKey": "aquasec_group:12022",
      "_type": "aquasec_account_has_group",
      "displayName": "HAS",
    },
    Object {
      "_class": "HAS",
      "_fromEntityKey": "aquasec_account:10630",
      "_key": "aquasec_account:10630|has|aquasec_group:12028",
      "_toEntityKey": "aquasec_group:12028",
      "_type": "aquasec_account_has_group",
      "displayName": "HAS",
    },
    Object {
      "_class": "HAS",
      "_fromEntityKey": "aquasec_account:10630",
      "_key": "aquasec_account:10630|has|aquasec_user:22971",
      "_toEntityKey": "aquasec_user:22971",
      "_type": "aquasec_account_has_user",
      "displayName": "HAS",
    },
    Object {
      "_class": "HAS",
      "_fromEntityKey": "aquasec_account:10630",
      "_key": "aquasec_account:10630|has|aquasec_user:22977",
      "_toEntityKey": "aquasec_user:22977",
      "_type": "aquasec_account_has_user",
      "displayName": "HAS",
    },
    Object {
      "_class": "HAS",
      "_fromEntityKey": "aquasec_group:12022",
      "_key": "aquasec_group:12022|has|aquasec_user:22971",
      "_toEntityKey": "aquasec_user:22971",
      "_type": "aquasec_group_has_user",
      "displayName": "HAS",
    },
    Object {
      "_class": "HAS",
      "_fromEntityKey": "aquasec_group:12028",
      "_key": "aquasec_group:12028|has|aquasec_user:22971",
      "_toEntityKey": "aquasec_user:22971",
      "_type": "aquasec_group_has_user",
      "displayName": "HAS",
    },
    Object {
      "_class": "HAS",
      "_fromEntityKey": "aquasec_group:12022",
      "_key": "aquasec_group:12022|has|aquasec_user:22977",
      "_toEntityKey": "aquasec_user:22977",
      "_type": "aquasec_group_has_user",
      "displayName": "HAS",
    },
    Object {
      "_class": "HAS",
      "_fromEntityKey": "aquasec_group:12028",
      "_key": "aquasec_group:12028|has|aquasec_user:22977",
      "_toEntityKey": "aquasec_user:22977",
      "_type": "aquasec_group_has_user",
      "displayName": "HAS",
    },
  ],
  "encounteredTypes": Array [
    "aquasec_account",
    "aquasec_group",
    "aquasec_account_has_group",
    "aquasec_user",
    "aquasec_account_has_user",
    "aquasec_group_has_user",
  ],
  "numCollectedEntities": 5,
  "numCollectedRelationships": 8,
}
`;
